C:\Program Files\Python312\python.exe: can't open file 'D:\\Dev\\ii-chutes\\ii-agent-chutes\\test_chutes_fast.py': [Errno 2] No such file or directory
